Skipping import of cpp extensions due to incompatible torch version 2.9.1+cu128 for torchao version 0.16.0             Please see https://github.com/pytorch/ao/issues/2919 for more info
[INFO] ============================================================
[INFO] Starting FinBERT classification
[INFO] ============================================================
[INFO] Loading paragraphs from data/10k_1A/paragraphs.json
[INFO] Loaded 751370 paragraphs
[INFO] Loading model: yiyanghkust/finbert-esg-9-categories
[INFO] Using GPU device 0 (NVIDIA GeForce RTX 4090)
Device set to use cuda:0
[INFO] Model loaded successfully
[INFO] Computing token statistics for 751370 texts...
[INFO] === Token Statistics ===
[INFO] Total: 751370, Truncated: 5113 (0.7%)
[INFO] Avg truncation ratio (truncated only): 28.22%
[INFO] Token length — mean: 174.7, min: 4, max: 25358
[INFO] Saved token stats to data/10k_1A/token_stats.json
You seem to be using the pipelines sequentially on GPU. In order to maximize efficiency please use a dataset
[INFO] Classified 1024 / 751370 (0.1%)
[INFO] Classified 2016 / 751370 (0.3%)
[INFO] Classified 3008 / 751370 (0.4%)
[INFO] Classified 4000 / 751370 (0.5%)
[INFO] Classified 5024 / 751370 (0.7%)
[INFO] Checkpoint saved at 5024 paragraphs
[INFO] Classified 6016 / 751370 (0.8%)
[INFO] Classified 7008 / 751370 (0.9%)
[INFO] Classified 8000 / 751370 (1.1%)
[INFO] Classified 9024 / 751370 (1.2%)
[INFO] Classified 10016 / 751370 (1.3%)
[INFO] Checkpoint saved at 10016 paragraphs
[INFO] Classified 11008 / 751370 (1.5%)
[INFO] Classified 12000 / 751370 (1.6%)
[INFO] Classified 13024 / 751370 (1.7%)
[INFO] Classified 14016 / 751370 (1.9%)
[INFO] Classified 15008 / 751370 (2.0%)
[INFO] Checkpoint saved at 15008 paragraphs
[INFO] Classified 16000 / 751370 (2.1%)
[INFO] Classified 17024 / 751370 (2.3%)
[INFO] Classified 18016 / 751370 (2.4%)
[INFO] Classified 19008 / 751370 (2.5%)
[INFO] Classified 20000 / 751370 (2.7%)
[INFO] Checkpoint saved at 20000 paragraphs
[INFO] Classified 21024 / 751370 (2.8%)
[INFO] Classified 22016 / 751370 (2.9%)
[INFO] Classified 23008 / 751370 (3.1%)
[INFO] Classified 24000 / 751370 (3.2%)
[INFO] Classified 25024 / 751370 (3.3%)
[INFO] Checkpoint saved at 25024 paragraphs
[INFO] Classified 26016 / 751370 (3.5%)
[INFO] Classified 27008 / 751370 (3.6%)
[INFO] Classified 28000 / 751370 (3.7%)
[INFO] Classified 29024 / 751370 (3.9%)
[INFO] Classified 30016 / 751370 (4.0%)
[INFO] Checkpoint saved at 30016 paragraphs
[INFO] Classified 31008 / 751370 (4.1%)
[INFO] Classified 32000 / 751370 (4.3%)
[INFO] Classified 33024 / 751370 (4.4%)
[INFO] Classified 34016 / 751370 (4.5%)
[INFO] Classified 35008 / 751370 (4.7%)
[INFO] Checkpoint saved at 35008 paragraphs
[INFO] Classified 36000 / 751370 (4.8%)
[INFO] Classified 37024 / 751370 (4.9%)
[INFO] Classified 38016 / 751370 (5.1%)
[INFO] Classified 39008 / 751370 (5.2%)
[INFO] Classified 40000 / 751370 (5.3%)
[INFO] Checkpoint saved at 40000 paragraphs
[INFO] Classified 41024 / 751370 (5.5%)
[INFO] Classified 42016 / 751370 (5.6%)
[INFO] Classified 43008 / 751370 (5.7%)
[INFO] Classified 44000 / 751370 (5.9%)
[INFO] Classified 45024 / 751370 (6.0%)
[INFO] Checkpoint saved at 45024 paragraphs
[INFO] Classified 46016 / 751370 (6.1%)
[INFO] Classified 47008 / 751370 (6.3%)
[INFO] Classified 48000 / 751370 (6.4%)
[INFO] Classified 49024 / 751370 (6.5%)
[INFO] Classified 50016 / 751370 (6.7%)
[INFO] Checkpoint saved at 50016 paragraphs
[INFO] Classified 51008 / 751370 (6.8%)
[INFO] Classified 52000 / 751370 (6.9%)
[INFO] Classified 53024 / 751370 (7.1%)
[INFO] Classified 54016 / 751370 (7.2%)
[INFO] Classified 55008 / 751370 (7.3%)
[INFO] Checkpoint saved at 55008 paragraphs
[INFO] Classified 56000 / 751370 (7.5%)
[INFO] Classified 57024 / 751370 (7.6%)
[INFO] Classified 58016 / 751370 (7.7%)
[INFO] Classified 59008 / 751370 (7.9%)
[INFO] Classified 60000 / 751370 (8.0%)
[INFO] Checkpoint saved at 60000 paragraphs
[INFO] Classified 61024 / 751370 (8.1%)
[INFO] Classified 62016 / 751370 (8.3%)
[INFO] Classified 63008 / 751370 (8.4%)
[INFO] Classified 64000 / 751370 (8.5%)
[INFO] Classified 65024 / 751370 (8.7%)
[INFO] Checkpoint saved at 65024 paragraphs
[INFO] Classified 66016 / 751370 (8.8%)
[INFO] Classified 67008 / 751370 (8.9%)
[INFO] Classified 68000 / 751370 (9.1%)
[INFO] Classified 69024 / 751370 (9.2%)
[INFO] Classified 70016 / 751370 (9.3%)
[INFO] Checkpoint saved at 70016 paragraphs
[INFO] Classified 71008 / 751370 (9.5%)
[INFO] Classified 72000 / 751370 (9.6%)
[INFO] Classified 73024 / 751370 (9.7%)
[INFO] Classified 74016 / 751370 (9.9%)
[INFO] Classified 75008 / 751370 (10.0%)
[INFO] Checkpoint saved at 75008 paragraphs
[INFO] Classified 76000 / 751370 (10.1%)
[INFO] Classified 77024 / 751370 (10.3%)
[INFO] Classified 78016 / 751370 (10.4%)
[INFO] Classified 79008 / 751370 (10.5%)
[INFO] Classified 80000 / 751370 (10.6%)
[INFO] Checkpoint saved at 80000 paragraphs
[INFO] Classified 81024 / 751370 (10.8%)
[INFO] Classified 82016 / 751370 (10.9%)
[INFO] Classified 83008 / 751370 (11.0%)
[INFO] Classified 84000 / 751370 (11.2%)
[INFO] Classified 85024 / 751370 (11.3%)
[INFO] Checkpoint saved at 85024 paragraphs
[INFO] Classified 86016 / 751370 (11.4%)
[INFO] Classified 87008 / 751370 (11.6%)
[INFO] Classified 88000 / 751370 (11.7%)
[INFO] Classified 89024 / 751370 (11.8%)
[INFO] Classified 90016 / 751370 (12.0%)
[INFO] Checkpoint saved at 90016 paragraphs
[INFO] Classified 91008 / 751370 (12.1%)
[INFO] Classified 92000 / 751370 (12.2%)
[INFO] Classified 93024 / 751370 (12.4%)
[INFO] Classified 94016 / 751370 (12.5%)
[INFO] Classified 95008 / 751370 (12.6%)
[INFO] Checkpoint saved at 95008 paragraphs
[INFO] Classified 96000 / 751370 (12.8%)
[INFO] Classified 97024 / 751370 (12.9%)
[INFO] Classified 98016 / 751370 (13.0%)
[INFO] Classified 99008 / 751370 (13.2%)
[INFO] Classified 100000 / 751370 (13.3%)
[INFO] Checkpoint saved at 100000 paragraphs
[INFO] Classified 101024 / 751370 (13.4%)
[INFO] Classified 102016 / 751370 (13.6%)
[INFO] Classified 103008 / 751370 (13.7%)
[INFO] Classified 104000 / 751370 (13.8%)
[INFO] Classified 105024 / 751370 (14.0%)
[INFO] Checkpoint saved at 105024 paragraphs
[INFO] Classified 106016 / 751370 (14.1%)
[INFO] Classified 107008 / 751370 (14.2%)
[INFO] Classified 108000 / 751370 (14.4%)
[INFO] Classified 109024 / 751370 (14.5%)
[INFO] Classified 110016 / 751370 (14.6%)
[INFO] Checkpoint saved at 110016 paragraphs
[INFO] Classified 111008 / 751370 (14.8%)
[INFO] Classified 112000 / 751370 (14.9%)
[INFO] Classified 113024 / 751370 (15.0%)
[INFO] Classified 114016 / 751370 (15.2%)
[INFO] Classified 115008 / 751370 (15.3%)
[INFO] Checkpoint saved at 115008 paragraphs
[INFO] Classified 116000 / 751370 (15.4%)
[INFO] Classified 117024 / 751370 (15.6%)
[INFO] Classified 118016 / 751370 (15.7%)
[INFO] Classified 119008 / 751370 (15.8%)
[INFO] Classified 120000 / 751370 (16.0%)
[INFO] Checkpoint saved at 120000 paragraphs
[INFO] Classified 121024 / 751370 (16.1%)
[INFO] Classified 122016 / 751370 (16.2%)
[INFO] Classified 123008 / 751370 (16.4%)
[INFO] Classified 124000 / 751370 (16.5%)
[INFO] Classified 125024 / 751370 (16.6%)
[INFO] Checkpoint saved at 125024 paragraphs
[INFO] Classified 126016 / 751370 (16.8%)
[INFO] Classified 127008 / 751370 (16.9%)
[INFO] Classified 128000 / 751370 (17.0%)
[INFO] Classified 129024 / 751370 (17.2%)
[INFO] Classified 130016 / 751370 (17.3%)
[INFO] Checkpoint saved at 130016 paragraphs
[INFO] Classified 131008 / 751370 (17.4%)
[INFO] Classified 132000 / 751370 (17.6%)
[INFO] Classified 133024 / 751370 (17.7%)
[INFO] Classified 134016 / 751370 (17.8%)
[INFO] Classified 135008 / 751370 (18.0%)
[INFO] Checkpoint saved at 135008 paragraphs
[INFO] Classified 136000 / 751370 (18.1%)
[INFO] Classified 137024 / 751370 (18.2%)
[INFO] Classified 138016 / 751370 (18.4%)
[INFO] Classified 139008 / 751370 (18.5%)
[INFO] Classified 140000 / 751370 (18.6%)
[INFO] Checkpoint saved at 140000 paragraphs
[INFO] Classified 141024 / 751370 (18.8%)
[INFO] Classified 142016 / 751370 (18.9%)
[INFO] Classified 143008 / 751370 (19.0%)
[INFO] Classified 144000 / 751370 (19.2%)
[INFO] Classified 145024 / 751370 (19.3%)
[INFO] Checkpoint saved at 145024 paragraphs
[INFO] Classified 146016 / 751370 (19.4%)
[INFO] Classified 147008 / 751370 (19.6%)
[INFO] Classified 148000 / 751370 (19.7%)
[INFO] Classified 149024 / 751370 (19.8%)
[INFO] Classified 150016 / 751370 (20.0%)
[INFO] Checkpoint saved at 150016 paragraphs
[INFO] Classified 151008 / 751370 (20.1%)
[INFO] Classified 152000 / 751370 (20.2%)
[INFO] Classified 153024 / 751370 (20.4%)
[INFO] Classified 154016 / 751370 (20.5%)
[INFO] Classified 155008 / 751370 (20.6%)
[INFO] Checkpoint saved at 155008 paragraphs
[INFO] Classified 156000 / 751370 (20.8%)
[INFO] Classified 157024 / 751370 (20.9%)
[INFO] Classified 158016 / 751370 (21.0%)
[INFO] Classified 159008 / 751370 (21.2%)
[INFO] Classified 160000 / 751370 (21.3%)
[INFO] Checkpoint saved at 160000 paragraphs
[INFO] Classified 161024 / 751370 (21.4%)
[INFO] Classified 162016 / 751370 (21.6%)
[INFO] Classified 163008 / 751370 (21.7%)
[INFO] Classified 164000 / 751370 (21.8%)
[INFO] Classified 165024 / 751370 (22.0%)
[INFO] Checkpoint saved at 165024 paragraphs
[INFO] Classified 166016 / 751370 (22.1%)
[INFO] Classified 167008 / 751370 (22.2%)
[INFO] Classified 168000 / 751370 (22.4%)
[INFO] Classified 169024 / 751370 (22.5%)
[INFO] Classified 170016 / 751370 (22.6%)
[INFO] Checkpoint saved at 170016 paragraphs
[INFO] Classified 171008 / 751370 (22.8%)
[INFO] Classified 172000 / 751370 (22.9%)
[INFO] Classified 173024 / 751370 (23.0%)
[INFO] Classified 174016 / 751370 (23.2%)
[INFO] Classified 175008 / 751370 (23.3%)
[INFO] Checkpoint saved at 175008 paragraphs
[INFO] Classified 176000 / 751370 (23.4%)
[INFO] Classified 177024 / 751370 (23.6%)
[INFO] Classified 178016 / 751370 (23.7%)
[INFO] Classified 179008 / 751370 (23.8%)
[INFO] Classified 180000 / 751370 (24.0%)
[INFO] Checkpoint saved at 180000 paragraphs
[INFO] Classified 181024 / 751370 (24.1%)
[INFO] Classified 182016 / 751370 (24.2%)
[INFO] Classified 183008 / 751370 (24.4%)
[INFO] Classified 184000 / 751370 (24.5%)
[INFO] Classified 185024 / 751370 (24.6%)
[INFO] Checkpoint saved at 185024 paragraphs
[INFO] Classified 186016 / 751370 (24.8%)
[INFO] Classified 187008 / 751370 (24.9%)
[INFO] Classified 188000 / 751370 (25.0%)
[INFO] Classified 189024 / 751370 (25.2%)
[INFO] Classified 190016 / 751370 (25.3%)
[INFO] Checkpoint saved at 190016 paragraphs
[INFO] Classified 191008 / 751370 (25.4%)
[INFO] Classified 192000 / 751370 (25.6%)
[INFO] Classified 193024 / 751370 (25.7%)
[INFO] Classified 194016 / 751370 (25.8%)
[INFO] Classified 195008 / 751370 (26.0%)
[INFO] Checkpoint saved at 195008 paragraphs
[INFO] Classified 196000 / 751370 (26.1%)
[INFO] Classified 197024 / 751370 (26.2%)
[INFO] Classified 198016 / 751370 (26.4%)
[INFO] Classified 199008 / 751370 (26.5%)
[INFO] Classified 200000 / 751370 (26.6%)
[INFO] Checkpoint saved at 200000 paragraphs
[INFO] Classified 201024 / 751370 (26.8%)
[INFO] Classified 202016 / 751370 (26.9%)
[INFO] Classified 203008 / 751370 (27.0%)
[INFO] Classified 204000 / 751370 (27.2%)
[INFO] Classified 205024 / 751370 (27.3%)
[INFO] Checkpoint saved at 205024 paragraphs
[INFO] Classified 206016 / 751370 (27.4%)
[INFO] Classified 207008 / 751370 (27.6%)
[INFO] Classified 208000 / 751370 (27.7%)
[INFO] Classified 209024 / 751370 (27.8%)
[INFO] Classified 210016 / 751370 (28.0%)
[INFO] Checkpoint saved at 210016 paragraphs
[INFO] Classified 211008 / 751370 (28.1%)
[INFO] Classified 212000 / 751370 (28.2%)
[INFO] Classified 213024 / 751370 (28.4%)
[INFO] Classified 214016 / 751370 (28.5%)
[INFO] Classified 215008 / 751370 (28.6%)
[INFO] Checkpoint saved at 215008 paragraphs
[INFO] Classified 216000 / 751370 (28.7%)
[INFO] Classified 217024 / 751370 (28.9%)
[INFO] Classified 218016 / 751370 (29.0%)
[INFO] Classified 219008 / 751370 (29.1%)
[INFO] Classified 220000 / 751370 (29.3%)
[INFO] Checkpoint saved at 220000 paragraphs
[INFO] Classified 221024 / 751370 (29.4%)
[INFO] Classified 222016 / 751370 (29.5%)
[INFO] Classified 223008 / 751370 (29.7%)
[INFO] Classified 224000 / 751370 (29.8%)
[INFO] Classified 225024 / 751370 (29.9%)
[INFO] Checkpoint saved at 225024 paragraphs
[INFO] Classified 226016 / 751370 (30.1%)
[INFO] Classified 227008 / 751370 (30.2%)
[INFO] Classified 228000 / 751370 (30.3%)
[INFO] Classified 229024 / 751370 (30.5%)
[INFO] Classified 230016 / 751370 (30.6%)
[INFO] Checkpoint saved at 230016 paragraphs
[INFO] Classified 231008 / 751370 (30.7%)
[INFO] Classified 232000 / 751370 (30.9%)
[INFO] Classified 233024 / 751370 (31.0%)
[INFO] Classified 234016 / 751370 (31.1%)
[INFO] Classified 235008 / 751370 (31.3%)
[INFO] Checkpoint saved at 235008 paragraphs
[INFO] Classified 236000 / 751370 (31.4%)
[INFO] Classified 237024 / 751370 (31.5%)
[INFO] Classified 238016 / 751370 (31.7%)
[INFO] Classified 239008 / 751370 (31.8%)
[INFO] Classified 240000 / 751370 (31.9%)
[INFO] Checkpoint saved at 240000 paragraphs
[INFO] Classified 241024 / 751370 (32.1%)
[INFO] Classified 242016 / 751370 (32.2%)
[INFO] Classified 243008 / 751370 (32.3%)
[INFO] Classified 244000 / 751370 (32.5%)
[INFO] Classified 245024 / 751370 (32.6%)
[INFO] Checkpoint saved at 245024 paragraphs
[INFO] Classified 246016 / 751370 (32.7%)
[INFO] Classified 247008 / 751370 (32.9%)
[INFO] Classified 248000 / 751370 (33.0%)
[INFO] Classified 249024 / 751370 (33.1%)
[INFO] Classified 250016 / 751370 (33.3%)
[INFO] Checkpoint saved at 250016 paragraphs
[INFO] Classified 251008 / 751370 (33.4%)
[INFO] Classified 252000 / 751370 (33.5%)
[INFO] Classified 253024 / 751370 (33.7%)
[INFO] Classified 254016 / 751370 (33.8%)
[INFO] Classified 255008 / 751370 (33.9%)
[INFO] Checkpoint saved at 255008 paragraphs
[INFO] Classified 256000 / 751370 (34.1%)
[INFO] Classified 257024 / 751370 (34.2%)
[INFO] Classified 258016 / 751370 (34.3%)
[INFO] Classified 259008 / 751370 (34.5%)
[INFO] Classified 260000 / 751370 (34.6%)
[INFO] Checkpoint saved at 260000 paragraphs
[INFO] Classified 261024 / 751370 (34.7%)
[INFO] Classified 262016 / 751370 (34.9%)
[INFO] Classified 263008 / 751370 (35.0%)
[INFO] Classified 264000 / 751370 (35.1%)
[INFO] Classified 265024 / 751370 (35.3%)
[INFO] Checkpoint saved at 265024 paragraphs
[INFO] Classified 266016 / 751370 (35.4%)
[INFO] Classified 267008 / 751370 (35.5%)
[INFO] Classified 268000 / 751370 (35.7%)
[INFO] Classified 269024 / 751370 (35.8%)
[INFO] Classified 270016 / 751370 (35.9%)
[INFO] Checkpoint saved at 270016 paragraphs
[INFO] Classified 271008 / 751370 (36.1%)
[INFO] Classified 272000 / 751370 (36.2%)
[INFO] Classified 273024 / 751370 (36.3%)
[INFO] Classified 274016 / 751370 (36.5%)
[INFO] Classified 275008 / 751370 (36.6%)
[INFO] Checkpoint saved at 275008 paragraphs
[INFO] Classified 276000 / 751370 (36.7%)
[INFO] Classified 277024 / 751370 (36.9%)
[INFO] Classified 278016 / 751370 (37.0%)
[INFO] Classified 279008 / 751370 (37.1%)
[INFO] Classified 280000 / 751370 (37.3%)
[INFO] Checkpoint saved at 280000 paragraphs
[INFO] Classified 281024 / 751370 (37.4%)
[INFO] Classified 282016 / 751370 (37.5%)
[INFO] Classified 283008 / 751370 (37.7%)
[INFO] Classified 284000 / 751370 (37.8%)
[INFO] Classified 285024 / 751370 (37.9%)
[INFO] Checkpoint saved at 285024 paragraphs
[INFO] Classified 286016 / 751370 (38.1%)
[INFO] Classified 287008 / 751370 (38.2%)
[INFO] Classified 288000 / 751370 (38.3%)
[INFO] Classified 289024 / 751370 (38.5%)
[INFO] Classified 290016 / 751370 (38.6%)
[INFO] Checkpoint saved at 290016 paragraphs
[INFO] Classified 291008 / 751370 (38.7%)
[INFO] Classified 292000 / 751370 (38.9%)
[INFO] Classified 293024 / 751370 (39.0%)
[INFO] Classified 294016 / 751370 (39.1%)
[INFO] Classified 295008 / 751370 (39.3%)
[INFO] Checkpoint saved at 295008 paragraphs
[INFO] Classified 296000 / 751370 (39.4%)
[INFO] Classified 297024 / 751370 (39.5%)
[INFO] Classified 298016 / 751370 (39.7%)
[INFO] Classified 299008 / 751370 (39.8%)
[INFO] Classified 300000 / 751370 (39.9%)
[INFO] Checkpoint saved at 300000 paragraphs
[INFO] Classified 301024 / 751370 (40.1%)
[INFO] Classified 302016 / 751370 (40.2%)
[INFO] Classified 303008 / 751370 (40.3%)
[INFO] Classified 304000 / 751370 (40.5%)
[INFO] Classified 305024 / 751370 (40.6%)
[INFO] Checkpoint saved at 305024 paragraphs
[INFO] Classified 306016 / 751370 (40.7%)
[INFO] Classified 307008 / 751370 (40.9%)
[INFO] Classified 308000 / 751370 (41.0%)
[INFO] Classified 309024 / 751370 (41.1%)
[INFO] Classified 310016 / 751370 (41.3%)
[INFO] Checkpoint saved at 310016 paragraphs
[INFO] Classified 311008 / 751370 (41.4%)
[INFO] Classified 312000 / 751370 (41.5%)
[INFO] Classified 313024 / 751370 (41.7%)
[INFO] Classified 314016 / 751370 (41.8%)
[INFO] Classified 315008 / 751370 (41.9%)
[INFO] Checkpoint saved at 315008 paragraphs
[INFO] Classified 316000 / 751370 (42.1%)
[INFO] Classified 317024 / 751370 (42.2%)
[INFO] Classified 318016 / 751370 (42.3%)
[INFO] Classified 319008 / 751370 (42.5%)
[INFO] Classified 320000 / 751370 (42.6%)
[INFO] Checkpoint saved at 320000 paragraphs
[INFO] Classified 321024 / 751370 (42.7%)
[INFO] Classified 322016 / 751370 (42.9%)
[INFO] Classified 323008 / 751370 (43.0%)
[INFO] Classified 324000 / 751370 (43.1%)
[INFO] Classified 325024 / 751370 (43.3%)
[INFO] Checkpoint saved at 325024 paragraphs
[INFO] Classified 326016 / 751370 (43.4%)
[INFO] Classified 327008 / 751370 (43.5%)
[INFO] Classified 328000 / 751370 (43.7%)
[INFO] Classified 329024 / 751370 (43.8%)
[INFO] Classified 330016 / 751370 (43.9%)
[INFO] Checkpoint saved at 330016 paragraphs
[INFO] Classified 331008 / 751370 (44.1%)
[INFO] Classified 332000 / 751370 (44.2%)
[INFO] Classified 333024 / 751370 (44.3%)
[INFO] Classified 334016 / 751370 (44.5%)
[INFO] Classified 335008 / 751370 (44.6%)
[INFO] Checkpoint saved at 335008 paragraphs
[INFO] Classified 336000 / 751370 (44.7%)
[INFO] Classified 337024 / 751370 (44.9%)
[INFO] Classified 338016 / 751370 (45.0%)
[INFO] Classified 339008 / 751370 (45.1%)
[INFO] Classified 340000 / 751370 (45.3%)
[INFO] Checkpoint saved at 340000 paragraphs
[INFO] Classified 341024 / 751370 (45.4%)
[INFO] Classified 342016 / 751370 (45.5%)
[INFO] Classified 343008 / 751370 (45.7%)
[INFO] Classified 344000 / 751370 (45.8%)
[INFO] Classified 345024 / 751370 (45.9%)
[INFO] Checkpoint saved at 345024 paragraphs
[INFO] Classified 346016 / 751370 (46.1%)
[INFO] Classified 347008 / 751370 (46.2%)
[INFO] Classified 348000 / 751370 (46.3%)
[INFO] Classified 349024 / 751370 (46.5%)
[INFO] Classified 350016 / 751370 (46.6%)
[INFO] Checkpoint saved at 350016 paragraphs
[INFO] Classified 351008 / 751370 (46.7%)
[INFO] Classified 352000 / 751370 (46.8%)
[INFO] Classified 353024 / 751370 (47.0%)
[INFO] Classified 354016 / 751370 (47.1%)
[INFO] Classified 355008 / 751370 (47.2%)
[INFO] Checkpoint saved at 355008 paragraphs
[INFO] Classified 356000 / 751370 (47.4%)
[INFO] Classified 357024 / 751370 (47.5%)
[INFO] Classified 358016 / 751370 (47.6%)
[INFO] Classified 359008 / 751370 (47.8%)
[INFO] Classified 360000 / 751370 (47.9%)
[INFO] Checkpoint saved at 360000 paragraphs
[INFO] Classified 361024 / 751370 (48.0%)
[INFO] Classified 362016 / 751370 (48.2%)
[INFO] Classified 363008 / 751370 (48.3%)
[INFO] Classified 364000 / 751370 (48.4%)
[INFO] Classified 365024 / 751370 (48.6%)
[INFO] Checkpoint saved at 365024 paragraphs
[INFO] Classified 366016 / 751370 (48.7%)
[INFO] Classified 367008 / 751370 (48.8%)
[INFO] Classified 368000 / 751370 (49.0%)
[INFO] Classified 369024 / 751370 (49.1%)
[INFO] Classified 370016 / 751370 (49.2%)
[INFO] Checkpoint saved at 370016 paragraphs
[INFO] Classified 371008 / 751370 (49.4%)
[INFO] Classified 372000 / 751370 (49.5%)
[INFO] Classified 373024 / 751370 (49.6%)
[INFO] Classified 374016 / 751370 (49.8%)
[INFO] Classified 375008 / 751370 (49.9%)
[INFO] Checkpoint saved at 375008 paragraphs
[INFO] Classified 376000 / 751370 (50.0%)
[INFO] Classified 377024 / 751370 (50.2%)
[INFO] Classified 378016 / 751370 (50.3%)
[INFO] Classified 379008 / 751370 (50.4%)
[INFO] Classified 380000 / 751370 (50.6%)
[INFO] Checkpoint saved at 380000 paragraphs
[INFO] Classified 381024 / 751370 (50.7%)
[INFO] Classified 382016 / 751370 (50.8%)
[INFO] Classified 383008 / 751370 (51.0%)
[INFO] Classified 384000 / 751370 (51.1%)
[INFO] Classified 385024 / 751370 (51.2%)
[INFO] Checkpoint saved at 385024 paragraphs
[INFO] Classified 386016 / 751370 (51.4%)
[INFO] Classified 387008 / 751370 (51.5%)
[INFO] Classified 388000 / 751370 (51.6%)
[INFO] Classified 389024 / 751370 (51.8%)
[INFO] Classified 390016 / 751370 (51.9%)
[INFO] Checkpoint saved at 390016 paragraphs
[INFO] Classified 391008 / 751370 (52.0%)
[INFO] Classified 392000 / 751370 (52.2%)
[INFO] Classified 393024 / 751370 (52.3%)
[INFO] Classified 394016 / 751370 (52.4%)
[INFO] Classified 395008 / 751370 (52.6%)
[INFO] Checkpoint saved at 395008 paragraphs
[INFO] Classified 396000 / 751370 (52.7%)
[INFO] Classified 397024 / 751370 (52.8%)
[INFO] Classified 398016 / 751370 (53.0%)
[INFO] Classified 399008 / 751370 (53.1%)
[INFO] Classified 400000 / 751370 (53.2%)
[INFO] Checkpoint saved at 400000 paragraphs
[INFO] Classified 401024 / 751370 (53.4%)
[INFO] Classified 402016 / 751370 (53.5%)
[INFO] Classified 403008 / 751370 (53.6%)
[INFO] Classified 404000 / 751370 (53.8%)
[INFO] Classified 405024 / 751370 (53.9%)
[INFO] Checkpoint saved at 405024 paragraphs
[INFO] Classified 406016 / 751370 (54.0%)
[INFO] Classified 407008 / 751370 (54.2%)
[INFO] Classified 408000 / 751370 (54.3%)
[INFO] Classified 409024 / 751370 (54.4%)
[INFO] Classified 410016 / 751370 (54.6%)
[INFO] Checkpoint saved at 410016 paragraphs
[INFO] Classified 411008 / 751370 (54.7%)
[INFO] Classified 412000 / 751370 (54.8%)
[INFO] Classified 413024 / 751370 (55.0%)
[INFO] Classified 414016 / 751370 (55.1%)
[INFO] Classified 415008 / 751370 (55.2%)
[INFO] Checkpoint saved at 415008 paragraphs
[INFO] Classified 416000 / 751370 (55.4%)
[INFO] Classified 417024 / 751370 (55.5%)
[INFO] Classified 418016 / 751370 (55.6%)
[INFO] Classified 419008 / 751370 (55.8%)
[INFO] Classified 420000 / 751370 (55.9%)
[INFO] Checkpoint saved at 420000 paragraphs
[INFO] Classified 421024 / 751370 (56.0%)
[INFO] Classified 422016 / 751370 (56.2%)
[INFO] Classified 423008 / 751370 (56.3%)
[INFO] Classified 424000 / 751370 (56.4%)
[INFO] Classified 425024 / 751370 (56.6%)
[INFO] Checkpoint saved at 425024 paragraphs
[INFO] Classified 426016 / 751370 (56.7%)
[INFO] Classified 427008 / 751370 (56.8%)
[INFO] Classified 428000 / 751370 (57.0%)
[INFO] Classified 429024 / 751370 (57.1%)
[INFO] Classified 430016 / 751370 (57.2%)
[INFO] Checkpoint saved at 430016 paragraphs
[INFO] Classified 431008 / 751370 (57.4%)
[INFO] Classified 432000 / 751370 (57.5%)
[INFO] Classified 433024 / 751370 (57.6%)
[INFO] Classified 434016 / 751370 (57.8%)
[INFO] Classified 435008 / 751370 (57.9%)
[INFO] Checkpoint saved at 435008 paragraphs
[INFO] Classified 436000 / 751370 (58.0%)
[INFO] Classified 437024 / 751370 (58.2%)
[INFO] Classified 438016 / 751370 (58.3%)
[INFO] Classified 439008 / 751370 (58.4%)
[INFO] Classified 440000 / 751370 (58.6%)
[INFO] Checkpoint saved at 440000 paragraphs
[INFO] Classified 441024 / 751370 (58.7%)
[INFO] Classified 442016 / 751370 (58.8%)
[INFO] Classified 443008 / 751370 (59.0%)
[INFO] Classified 444000 / 751370 (59.1%)
[INFO] Classified 445024 / 751370 (59.2%)
[INFO] Checkpoint saved at 445024 paragraphs
[INFO] Classified 446016 / 751370 (59.4%)
[INFO] Classified 447008 / 751370 (59.5%)
[INFO] Classified 448000 / 751370 (59.6%)
[INFO] Classified 449024 / 751370 (59.8%)
[INFO] Classified 450016 / 751370 (59.9%)
[INFO] Checkpoint saved at 450016 paragraphs
[INFO] Classified 451008 / 751370 (60.0%)
[INFO] Classified 452000 / 751370 (60.2%)
[INFO] Classified 453024 / 751370 (60.3%)
[INFO] Classified 454016 / 751370 (60.4%)
[INFO] Classified 455008 / 751370 (60.6%)
[INFO] Checkpoint saved at 455008 paragraphs
[INFO] Classified 456000 / 751370 (60.7%)
[INFO] Classified 457024 / 751370 (60.8%)
[INFO] Classified 458016 / 751370 (61.0%)
[INFO] Classified 459008 / 751370 (61.1%)
[INFO] Classified 460000 / 751370 (61.2%)
[INFO] Checkpoint saved at 460000 paragraphs
[INFO] Classified 461024 / 751370 (61.4%)
[INFO] Classified 462016 / 751370 (61.5%)
[INFO] Classified 463008 / 751370 (61.6%)
[INFO] Classified 464000 / 751370 (61.8%)
[INFO] Classified 465024 / 751370 (61.9%)
[INFO] Checkpoint saved at 465024 paragraphs
[INFO] Classified 466016 / 751370 (62.0%)
[INFO] Classified 467008 / 751370 (62.2%)
[INFO] Classified 468000 / 751370 (62.3%)
[INFO] Classified 469024 / 751370 (62.4%)
[INFO] Classified 470016 / 751370 (62.6%)
[INFO] Checkpoint saved at 470016 paragraphs
[INFO] Classified 471008 / 751370 (62.7%)
[INFO] Classified 472000 / 751370 (62.8%)
[INFO] Classified 473024 / 751370 (63.0%)
[INFO] Classified 474016 / 751370 (63.1%)
[INFO] Classified 475008 / 751370 (63.2%)
[INFO] Checkpoint saved at 475008 paragraphs
[INFO] Classified 476000 / 751370 (63.4%)
[INFO] Classified 477024 / 751370 (63.5%)
[INFO] Classified 478016 / 751370 (63.6%)
[INFO] Classified 479008 / 751370 (63.8%)
[INFO] Classified 480000 / 751370 (63.9%)
[INFO] Checkpoint saved at 480000 paragraphs
[INFO] Classified 481024 / 751370 (64.0%)
[INFO] Classified 482016 / 751370 (64.2%)
[INFO] Classified 483008 / 751370 (64.3%)
[INFO] Classified 484000 / 751370 (64.4%)
[INFO] Classified 485024 / 751370 (64.6%)
[INFO] Checkpoint saved at 485024 paragraphs
[INFO] Classified 486016 / 751370 (64.7%)
[INFO] Classified 487008 / 751370 (64.8%)
[INFO] Classified 488000 / 751370 (64.9%)
[INFO] Classified 489024 / 751370 (65.1%)
[INFO] Classified 490016 / 751370 (65.2%)
[INFO] Checkpoint saved at 490016 paragraphs
[INFO] Classified 491008 / 751370 (65.3%)
[INFO] Classified 492000 / 751370 (65.5%)
[INFO] Classified 493024 / 751370 (65.6%)
[INFO] Classified 494016 / 751370 (65.7%)
[INFO] Classified 495008 / 751370 (65.9%)
[INFO] Checkpoint saved at 495008 paragraphs
[INFO] Classified 496000 / 751370 (66.0%)
[INFO] Classified 497024 / 751370 (66.1%)
[INFO] Classified 498016 / 751370 (66.3%)
[INFO] Classified 499008 / 751370 (66.4%)
[INFO] Classified 500000 / 751370 (66.5%)
[INFO] Checkpoint saved at 500000 paragraphs
[INFO] Classified 501024 / 751370 (66.7%)
[INFO] Classified 502016 / 751370 (66.8%)
[INFO] Classified 503008 / 751370 (66.9%)
[INFO] Classified 504000 / 751370 (67.1%)
[INFO] Classified 505024 / 751370 (67.2%)
[INFO] Checkpoint saved at 505024 paragraphs
[INFO] Classified 506016 / 751370 (67.3%)
[INFO] Classified 507008 / 751370 (67.5%)
[INFO] Classified 508000 / 751370 (67.6%)
[INFO] Classified 509024 / 751370 (67.7%)
[INFO] Classified 510016 / 751370 (67.9%)
[INFO] Checkpoint saved at 510016 paragraphs
[INFO] Classified 511008 / 751370 (68.0%)
[INFO] Classified 512000 / 751370 (68.1%)
[INFO] Classified 513024 / 751370 (68.3%)
[INFO] Classified 514016 / 751370 (68.4%)
[INFO] Classified 515008 / 751370 (68.5%)
[INFO] Checkpoint saved at 515008 paragraphs
[INFO] Classified 516000 / 751370 (68.7%)
[INFO] Classified 517024 / 751370 (68.8%)
[INFO] Classified 518016 / 751370 (68.9%)
[INFO] Classified 519008 / 751370 (69.1%)
[INFO] Classified 520000 / 751370 (69.2%)
[INFO] Checkpoint saved at 520000 paragraphs
[INFO] Classified 521024 / 751370 (69.3%)
[INFO] Classified 522016 / 751370 (69.5%)
[INFO] Classified 523008 / 751370 (69.6%)
[INFO] Classified 524000 / 751370 (69.7%)
[INFO] Classified 525024 / 751370 (69.9%)
[INFO] Checkpoint saved at 525024 paragraphs
[INFO] Classified 526016 / 751370 (70.0%)
[INFO] Classified 527008 / 751370 (70.1%)
[INFO] Classified 528000 / 751370 (70.3%)
[INFO] Classified 529024 / 751370 (70.4%)
[INFO] Classified 530016 / 751370 (70.5%)
[INFO] Checkpoint saved at 530016 paragraphs
[INFO] Classified 531008 / 751370 (70.7%)
[INFO] Classified 532000 / 751370 (70.8%)
[INFO] Classified 533024 / 751370 (70.9%)
[INFO] Classified 534016 / 751370 (71.1%)
[INFO] Classified 535008 / 751370 (71.2%)
[INFO] Checkpoint saved at 535008 paragraphs
[INFO] Classified 536000 / 751370 (71.3%)
[INFO] Classified 537024 / 751370 (71.5%)
[INFO] Classified 538016 / 751370 (71.6%)
[INFO] Classified 539008 / 751370 (71.7%)
[INFO] Classified 540000 / 751370 (71.9%)
[INFO] Checkpoint saved at 540000 paragraphs
[INFO] Classified 541024 / 751370 (72.0%)
[INFO] Classified 542016 / 751370 (72.1%)
[INFO] Classified 543008 / 751370 (72.3%)
[INFO] Classified 544000 / 751370 (72.4%)
[INFO] Classified 545024 / 751370 (72.5%)
[INFO] Checkpoint saved at 545024 paragraphs
[INFO] Classified 546016 / 751370 (72.7%)
[INFO] Classified 547008 / 751370 (72.8%)
[INFO] Classified 548000 / 751370 (72.9%)
[INFO] Classified 549024 / 751370 (73.1%)
[INFO] Classified 550016 / 751370 (73.2%)
[INFO] Checkpoint saved at 550016 paragraphs
[INFO] Classified 551008 / 751370 (73.3%)
[INFO] Classified 552000 / 751370 (73.5%)
[INFO] Classified 553024 / 751370 (73.6%)
[INFO] Classified 554016 / 751370 (73.7%)
[INFO] Classified 555008 / 751370 (73.9%)
[INFO] Checkpoint saved at 555008 paragraphs
[INFO] Classified 556000 / 751370 (74.0%)
[INFO] Classified 557024 / 751370 (74.1%)
[INFO] Classified 558016 / 751370 (74.3%)
[INFO] Classified 559008 / 751370 (74.4%)
[INFO] Classified 560000 / 751370 (74.5%)
[INFO] Checkpoint saved at 560000 paragraphs
[INFO] Classified 561024 / 751370 (74.7%)
[INFO] Classified 562016 / 751370 (74.8%)
[INFO] Classified 563008 / 751370 (74.9%)
[INFO] Classified 564000 / 751370 (75.1%)
[INFO] Classified 565024 / 751370 (75.2%)
[INFO] Checkpoint saved at 565024 paragraphs
[INFO] Classified 566016 / 751370 (75.3%)
[INFO] Classified 567008 / 751370 (75.5%)
[INFO] Classified 568000 / 751370 (75.6%)
[INFO] Classified 569024 / 751370 (75.7%)
[INFO] Classified 570016 / 751370 (75.9%)
[INFO] Checkpoint saved at 570016 paragraphs
[INFO] Classified 571008 / 751370 (76.0%)
[INFO] Classified 572000 / 751370 (76.1%)
[INFO] Classified 573024 / 751370 (76.3%)
[INFO] Classified 574016 / 751370 (76.4%)
[INFO] Classified 575008 / 751370 (76.5%)
[INFO] Checkpoint saved at 575008 paragraphs
[INFO] Classified 576000 / 751370 (76.7%)
[INFO] Classified 577024 / 751370 (76.8%)
[INFO] Classified 578016 / 751370 (76.9%)
[INFO] Classified 579008 / 751370 (77.1%)
[INFO] Classified 580000 / 751370 (77.2%)
[INFO] Checkpoint saved at 580000 paragraphs
[INFO] Classified 581024 / 751370 (77.3%)
[INFO] Classified 582016 / 751370 (77.5%)
[INFO] Classified 583008 / 751370 (77.6%)
[INFO] Classified 584000 / 751370 (77.7%)
[INFO] Classified 585024 / 751370 (77.9%)
[INFO] Checkpoint saved at 585024 paragraphs
[INFO] Classified 586016 / 751370 (78.0%)
[INFO] Classified 587008 / 751370 (78.1%)
[INFO] Classified 588000 / 751370 (78.3%)
[INFO] Classified 589024 / 751370 (78.4%)
[INFO] Classified 590016 / 751370 (78.5%)
[INFO] Checkpoint saved at 590016 paragraphs
[INFO] Classified 591008 / 751370 (78.7%)
[INFO] Classified 592000 / 751370 (78.8%)
[INFO] Classified 593024 / 751370 (78.9%)
[INFO] Classified 594016 / 751370 (79.1%)
[INFO] Classified 595008 / 751370 (79.2%)
[INFO] Checkpoint saved at 595008 paragraphs
[INFO] Classified 596000 / 751370 (79.3%)
[INFO] Classified 597024 / 751370 (79.5%)
[INFO] Classified 598016 / 751370 (79.6%)
[INFO] Classified 599008 / 751370 (79.7%)
[INFO] Classified 600000 / 751370 (79.9%)
[INFO] Checkpoint saved at 600000 paragraphs
[INFO] Classified 601024 / 751370 (80.0%)
[INFO] Classified 602016 / 751370 (80.1%)
[INFO] Classified 603008 / 751370 (80.3%)
[INFO] Classified 604000 / 751370 (80.4%)
[INFO] Classified 605024 / 751370 (80.5%)
[INFO] Checkpoint saved at 605024 paragraphs
[INFO] Classified 606016 / 751370 (80.7%)
[INFO] Classified 607008 / 751370 (80.8%)
[INFO] Classified 608000 / 751370 (80.9%)
[INFO] Classified 609024 / 751370 (81.1%)
[INFO] Classified 610016 / 751370 (81.2%)
[INFO] Checkpoint saved at 610016 paragraphs
[INFO] Classified 611008 / 751370 (81.3%)
[INFO] Classified 612000 / 751370 (81.5%)
[INFO] Classified 613024 / 751370 (81.6%)
[INFO] Classified 614016 / 751370 (81.7%)
[INFO] Classified 615008 / 751370 (81.9%)
[INFO] Checkpoint saved at 615008 paragraphs
[INFO] Classified 616000 / 751370 (82.0%)
[INFO] Classified 617024 / 751370 (82.1%)
[INFO] Classified 618016 / 751370 (82.3%)
[INFO] Classified 619008 / 751370 (82.4%)
[INFO] Classified 620000 / 751370 (82.5%)
[INFO] Checkpoint saved at 620000 paragraphs
[INFO] Classified 621024 / 751370 (82.7%)
[INFO] Classified 622016 / 751370 (82.8%)
[INFO] Classified 623008 / 751370 (82.9%)
[INFO] Classified 624000 / 751370 (83.0%)
[INFO] Classified 625024 / 751370 (83.2%)
[INFO] Checkpoint saved at 625024 paragraphs
[INFO] Classified 626016 / 751370 (83.3%)
[INFO] Classified 627008 / 751370 (83.4%)
[INFO] Classified 628000 / 751370 (83.6%)
[INFO] Classified 629024 / 751370 (83.7%)
[INFO] Classified 630016 / 751370 (83.8%)
[INFO] Checkpoint saved at 630016 paragraphs
[INFO] Classified 631008 / 751370 (84.0%)
[INFO] Classified 632000 / 751370 (84.1%)
[INFO] Classified 633024 / 751370 (84.2%)
[INFO] Classified 634016 / 751370 (84.4%)
[INFO] Classified 635008 / 751370 (84.5%)
[INFO] Checkpoint saved at 635008 paragraphs
[INFO] Classified 636000 / 751370 (84.6%)
[INFO] Classified 637024 / 751370 (84.8%)
[INFO] Classified 638016 / 751370 (84.9%)
[INFO] Classified 639008 / 751370 (85.0%)
[INFO] Classified 640000 / 751370 (85.2%)
[INFO] Checkpoint saved at 640000 paragraphs
[INFO] Classified 641024 / 751370 (85.3%)
[INFO] Classified 642016 / 751370 (85.4%)
[INFO] Classified 643008 / 751370 (85.6%)
[INFO] Classified 644000 / 751370 (85.7%)
[INFO] Classified 645024 / 751370 (85.8%)
[INFO] Checkpoint saved at 645024 paragraphs
[INFO] Classified 646016 / 751370 (86.0%)
[INFO] Classified 647008 / 751370 (86.1%)
[INFO] Classified 648000 / 751370 (86.2%)
[INFO] Classified 649024 / 751370 (86.4%)
[INFO] Classified 650016 / 751370 (86.5%)
[INFO] Checkpoint saved at 650016 paragraphs
[INFO] Classified 651008 / 751370 (86.6%)
[INFO] Classified 652000 / 751370 (86.8%)
[INFO] Classified 653024 / 751370 (86.9%)
[INFO] Classified 654016 / 751370 (87.0%)
[INFO] Classified 655008 / 751370 (87.2%)
[INFO] Checkpoint saved at 655008 paragraphs
[INFO] Classified 656000 / 751370 (87.3%)
[INFO] Classified 657024 / 751370 (87.4%)
[INFO] Classified 658016 / 751370 (87.6%)
[INFO] Classified 659008 / 751370 (87.7%)
[INFO] Classified 660000 / 751370 (87.8%)
[INFO] Checkpoint saved at 660000 paragraphs
[INFO] Classified 661024 / 751370 (88.0%)
[INFO] Classified 662016 / 751370 (88.1%)
[INFO] Classified 663008 / 751370 (88.2%)
[INFO] Classified 664000 / 751370 (88.4%)
[INFO] Classified 665024 / 751370 (88.5%)
[INFO] Checkpoint saved at 665024 paragraphs
[INFO] Classified 666016 / 751370 (88.6%)
[INFO] Classified 667008 / 751370 (88.8%)
[INFO] Classified 668000 / 751370 (88.9%)
[INFO] Classified 669024 / 751370 (89.0%)
[INFO] Classified 670016 / 751370 (89.2%)
[INFO] Checkpoint saved at 670016 paragraphs
[INFO] Classified 671008 / 751370 (89.3%)
[INFO] Classified 672000 / 751370 (89.4%)
[INFO] Classified 673024 / 751370 (89.6%)
[INFO] Classified 674016 / 751370 (89.7%)
[INFO] Classified 675008 / 751370 (89.8%)
[INFO] Checkpoint saved at 675008 paragraphs
[INFO] Classified 676000 / 751370 (90.0%)
[INFO] Classified 677024 / 751370 (90.1%)
[INFO] Classified 678016 / 751370 (90.2%)
[INFO] Classified 679008 / 751370 (90.4%)
[INFO] Classified 680000 / 751370 (90.5%)
[INFO] Checkpoint saved at 680000 paragraphs
[INFO] Classified 681024 / 751370 (90.6%)
[INFO] Classified 682016 / 751370 (90.8%)
[INFO] Classified 683008 / 751370 (90.9%)
[INFO] Classified 684000 / 751370 (91.0%)
[INFO] Classified 685024 / 751370 (91.2%)
[INFO] Checkpoint saved at 685024 paragraphs
[INFO] Classified 686016 / 751370 (91.3%)
[INFO] Classified 687008 / 751370 (91.4%)
[INFO] Classified 688000 / 751370 (91.6%)
[INFO] Classified 689024 / 751370 (91.7%)
[INFO] Classified 690016 / 751370 (91.8%)
[INFO] Checkpoint saved at 690016 paragraphs
[INFO] Classified 691008 / 751370 (92.0%)
[INFO] Classified 692000 / 751370 (92.1%)
[INFO] Classified 693024 / 751370 (92.2%)
[INFO] Classified 694016 / 751370 (92.4%)
[INFO] Classified 695008 / 751370 (92.5%)
[INFO] Checkpoint saved at 695008 paragraphs
[INFO] Classified 696000 / 751370 (92.6%)
[INFO] Classified 697024 / 751370 (92.8%)
[INFO] Classified 698016 / 751370 (92.9%)
[INFO] Classified 699008 / 751370 (93.0%)
[INFO] Classified 700000 / 751370 (93.2%)
[INFO] Checkpoint saved at 700000 paragraphs
[INFO] Classified 701024 / 751370 (93.3%)
[INFO] Classified 702016 / 751370 (93.4%)
[INFO] Classified 703008 / 751370 (93.6%)
[INFO] Classified 704000 / 751370 (93.7%)
[INFO] Classified 705024 / 751370 (93.8%)
[INFO] Checkpoint saved at 705024 paragraphs
[INFO] Classified 706016 / 751370 (94.0%)
[INFO] Classified 707008 / 751370 (94.1%)
[INFO] Classified 708000 / 751370 (94.2%)
[INFO] Classified 709024 / 751370 (94.4%)
[INFO] Classified 710016 / 751370 (94.5%)
[INFO] Checkpoint saved at 710016 paragraphs
[INFO] Classified 711008 / 751370 (94.6%)
[INFO] Classified 712000 / 751370 (94.8%)
[INFO] Classified 713024 / 751370 (94.9%)
[INFO] Classified 714016 / 751370 (95.0%)
[INFO] Classified 715008 / 751370 (95.2%)
[INFO] Checkpoint saved at 715008 paragraphs
[INFO] Classified 716000 / 751370 (95.3%)
[INFO] Classified 717024 / 751370 (95.4%)
[INFO] Classified 718016 / 751370 (95.6%)
[INFO] Classified 719008 / 751370 (95.7%)
[INFO] Classified 720000 / 751370 (95.8%)
[INFO] Checkpoint saved at 720000 paragraphs
[INFO] Classified 721024 / 751370 (96.0%)
[INFO] Classified 722016 / 751370 (96.1%)
[INFO] Classified 723008 / 751370 (96.2%)
[INFO] Classified 724000 / 751370 (96.4%)
[INFO] Classified 725024 / 751370 (96.5%)
[INFO] Checkpoint saved at 725024 paragraphs
[INFO] Classified 726016 / 751370 (96.6%)
[INFO] Classified 727008 / 751370 (96.8%)
[INFO] Classified 728000 / 751370 (96.9%)
[INFO] Classified 729024 / 751370 (97.0%)
[INFO] Classified 730016 / 751370 (97.2%)
[INFO] Checkpoint saved at 730016 paragraphs
[INFO] Classified 731008 / 751370 (97.3%)
[INFO] Classified 732000 / 751370 (97.4%)
[INFO] Classified 733024 / 751370 (97.6%)
[INFO] Classified 734016 / 751370 (97.7%)
[INFO] Classified 735008 / 751370 (97.8%)
[INFO] Checkpoint saved at 735008 paragraphs
[INFO] Classified 736000 / 751370 (98.0%)
[INFO] Classified 737024 / 751370 (98.1%)
[INFO] Classified 738016 / 751370 (98.2%)
[INFO] Classified 739008 / 751370 (98.4%)
[INFO] Classified 740000 / 751370 (98.5%)
[INFO] Checkpoint saved at 740000 paragraphs
[INFO] Classified 741024 / 751370 (98.6%)
[INFO] Classified 742016 / 751370 (98.8%)
[INFO] Classified 743008 / 751370 (98.9%)
[INFO] Classified 744000 / 751370 (99.0%)
[INFO] Classified 745024 / 751370 (99.2%)
[INFO] Checkpoint saved at 745024 paragraphs
[INFO] Classified 746016 / 751370 (99.3%)
[INFO] Classified 747008 / 751370 (99.4%)
[INFO] Classified 748000 / 751370 (99.6%)
[INFO] Classified 749024 / 751370 (99.7%)
[INFO] Classified 750016 / 751370 (99.8%)
[INFO] Checkpoint saved at 750016 paragraphs
[INFO] Classified 751008 / 751370 (100.0%)
[INFO] Classification complete: 751370 paragraphs
[INFO] Exported classified data -> data/10k_1A/classified.csv, data/10k_1A/classified.json
[INFO] === Classification Statistics ===
[INFO] Total classified: 751370
[INFO] ESG: 194907 (25.9%) | Non-ESG: 556463 (74.1%)
[INFO]   Non-ESG: 556463 (74.1%)
[INFO]   Corporate Governance: 84577 (11.3%)
[INFO]   Product Liability: 32863 (4.4%)
[INFO]   Human Capital: 28028 (3.7%)
[INFO]   Business Ethics & Values: 18307 (2.4%)
[INFO]   Climate Change: 15390 (2.0%)
[INFO]   Pollution & Waste: 7538 (1.0%)
[INFO]   Community Relations: 4422 (0.6%)
[INFO]   Natural Capital: 3782 (0.5%)
[INFO] Average confidence: 0.9018
[INFO] Stats saved to data/10k_1A/classification_stats.json
